FFFFFFFFFFFFF                                                            [100%]
=================================== FAILURES ===================================
____________________ test_r2_enumerated_facts_fold_cpu[008] ____________________

tmp_path = PosixPath('/tmp/pytest-of-vader/pytest-960/test_r2_enumerated_facts_fold_0')
monkeypatch = <_pytest.monkeypatch.MonkeyPatch object at 0x766cf1596600>
path = 'artifacts/grm_c7/r2/cells/A-001-008/folds/008-533d6c5a5b0c4e568b5d9f7410ce2587/start.json'

    @pytest.mark.parametrize('path', CASES, ids=lambda p: Path(p).parent.name[:3])
    def test_r2_enumerated_facts_fold_cpu(tmp_path, monkeypatch, path):
        repo = repository(tmp_path/'repo', monkeypatch)
        try:
            a = repo.arena
            a.m = EnumeratedModel(a.m.codec)
            start, ids = seed(a, path)
            result = a.consolidate(ids)
            need = a._fact_set([s['text'] for s in start['sources']])
            receipt = {'turn': start['turn'], 'result': a.last_consolidation_result,
                       'attempts': a.last_consolidation_attempts, 'digest_text': result[1],
                       'prompts': [c['input'] for c in a.m.calls if c['initial']],
                       'budget': max(120, 24*len(need))}
            if os.environ.get('GRM_FIX5_RECEIPTS'):
                target = Path(os.environ['GRM_FIX5_RECEIPTS'])
                target.mkdir(parents=True, exist_ok=True)
                with (target/f'{start["turn"]:03d}.json').open('x') as f:
                    json.dump(receipt, f, indent=2, sort_keys=True)
>           assert result[0] is not None, receipt
E           AssertionError: {'attempts': [{'coverage': 0.0, 'hit_count': 0, 'need_count': 10, 'prompt_index': 0, ...}, {'coverage': 0.0, 'hit_coun...ime, and what each one refers to.<|end|><|start|>assistant<|channel|>final<|message|> The facts to archive are:'], ...}
E           assert None is not None

tests/test_grm_scout_fix5.py:65: AssertionError
____________________ test_r2_enumerated_facts_fold_cpu[017] ____________________

tmp_path = PosixPath('/tmp/pytest-of-vader/pytest-960/test_r2_enumerated_facts_fold_1')
monkeypatch = <_pytest.monkeypatch.MonkeyPatch object at 0x766cf26cee70>
path = 'artifacts/grm_c7/r2/cells/A-017-023/folds/017-ac4a09b2490441678f6a5e9289942d5d/start.json'

    @pytest.mark.parametrize('path', CASES, ids=lambda p: Path(p).parent.name[:3])
    def test_r2_enumerated_facts_fold_cpu(tmp_path, monkeypatch, path):
        repo = repository(tmp_path/'repo', monkeypatch)
        try:
            a = repo.arena
            a.m = EnumeratedModel(a.m.codec)
            start, ids = seed(a, path)
            result = a.consolidate(ids)
            need = a._fact_set([s['text'] for s in start['sources']])
            receipt = {'turn': start['turn'], 'result': a.last_consolidation_result,
                       'attempts': a.last_consolidation_attempts, 'digest_text': result[1],
                       'prompts': [c['input'] for c in a.m.calls if c['initial']],
                       'budget': max(120, 24*len(need))}
            if os.environ.get('GRM_FIX5_RECEIPTS'):
                target = Path(os.environ['GRM_FIX5_RECEIPTS'])
                target.mkdir(parents=True, exist_ok=True)
                with (target/f'{start["turn"]:03d}.json').open('x') as f:
                    json.dump(receipt, f, indent=2, sort_keys=True)
>           assert result[0] is not None, receipt
E           AssertionError: {'attempts': [{'coverage': 0.0, 'hit_count': 0, 'need_count': 10, 'prompt_index': 0, ...}, {'coverage': 0.0, 'hit_coun...ime, and what each one refers to.<|end|><|start|>assistant<|channel|>final<|message|> The facts to archive are:'], ...}
E           assert None is not None

tests/test_grm_scout_fix5.py:65: AssertionError
____________________ test_r2_enumerated_facts_fold_cpu[026] ____________________

tmp_path = PosixPath('/tmp/pytest-of-vader/pytest-960/test_r2_enumerated_facts_fold_2')
monkeypatch = <_pytest.monkeypatch.MonkeyPatch object at 0x766cf0c97620>
path = 'artifacts/grm_c7/r2/fix4_attempt_1/cells/A-024-031/folds/026-681f4264c9fa4c2c9a7096d30106a8a0/start.json'

    @pytest.mark.parametrize('path', CASES, ids=lambda p: Path(p).parent.name[:3])
    def test_r2_enumerated_facts_fold_cpu(tmp_path, monkeypatch, path):
        repo = repository(tmp_path/'repo', monkeypatch)
        try:
            a = repo.arena
            a.m = EnumeratedModel(a.m.codec)
            start, ids = seed(a, path)
            result = a.consolidate(ids)
            need = a._fact_set([s['text'] for s in start['sources']])
            receipt = {'turn': start['turn'], 'result': a.last_consolidation_result,
                       'attempts': a.last_consolidation_attempts, 'digest_text': result[1],
                       'prompts': [c['input'] for c in a.m.calls if c['initial']],
                       'budget': max(120, 24*len(need))}
            if os.environ.get('GRM_FIX5_RECEIPTS'):
                target = Path(os.environ['GRM_FIX5_RECEIPTS'])
                target.mkdir(parents=True, exist_ok=True)
                with (target/f'{start["turn"]:03d}.json').open('x') as f:
                    json.dump(receipt, f, indent=2, sort_keys=True)
>           assert result[0] is not None, receipt
E           AssertionError: {'attempts': [{'coverage': 0.0, 'hit_count': 0, 'need_count': 8, 'prompt_index': 0, ...}, {'coverage': 0.0, 'hit_count...ime, and what each one refers to.<|end|><|start|>assistant<|channel|>final<|message|> The facts to archive are:'], ...}
E           assert None is not None

tests/test_grm_scout_fix5.py:65: AssertionError
____________________ test_r2_enumerated_facts_fold_cpu[055] ____________________

tmp_path = PosixPath('/tmp/pytest-of-vader/pytest-960/test_r2_enumerated_facts_fold_3')
monkeypatch = <_pytest.monkeypatch.MonkeyPatch object at 0x766cf0c96a80>
path = 'artifacts/grm_c7/r2/fix4_attempt_1/cells/A-048-055/folds/055-1b44742dab454a6685c75b4e4a614895/start.json'

    @pytest.mark.parametrize('path', CASES, ids=lambda p: Path(p).parent.name[:3])
    def test_r2_enumerated_facts_fold_cpu(tmp_path, monkeypatch, path):
        repo = repository(tmp_path/'repo', monkeypatch)
        try:
            a = repo.arena
            a.m = EnumeratedModel(a.m.codec)
            start, ids = seed(a, path)
            result = a.consolidate(ids)
            need = a._fact_set([s['text'] for s in start['sources']])
            receipt = {'turn': start['turn'], 'result': a.last_consolidation_result,
                       'attempts': a.last_consolidation_attempts, 'digest_text': result[1],
                       'prompts': [c['input'] for c in a.m.calls if c['initial']],
                       'budget': max(120, 24*len(need))}
            if os.environ.get('GRM_FIX5_RECEIPTS'):
                target = Path(os.environ['GRM_FIX5_RECEIPTS'])
                target.mkdir(parents=True, exist_ok=True)
                with (target/f'{start["turn"]:03d}.json').open('x') as f:
                    json.dump(receipt, f, indent=2, sort_keys=True)
>           assert result[0] is not None, receipt
E           AssertionError: {'attempts': [{'coverage': 0.0, 'hit_count': 0, 'need_count': 8, 'prompt_index': 0, ...}, {'coverage': 0.0, 'hit_count...ime, and what each one refers to.<|end|><|start|>assistant<|channel|>final<|message|> The facts to archive are:'], ...}
E           assert None is not None

tests/test_grm_scout_fix5.py:65: AssertionError
____________________ test_r2_enumerated_facts_fold_cpu[074] ____________________

tmp_path = PosixPath('/tmp/pytest-of-vader/pytest-960/test_r2_enumerated_facts_fold_4')
monkeypatch = <_pytest.monkeypatch.MonkeyPatch object at 0x766cf0cb6570>
path = 'artifacts/grm_c7/r2/fix4_attempt_1/cells/A-071-077/folds/074-542293a8731d432da4e42a6af5120f3c/start.json'

    @pytest.mark.parametrize('path', CASES, ids=lambda p: Path(p).parent.name[:3])
    def test_r2_enumerated_facts_fold_cpu(tmp_path, monkeypatch, path):
        repo = repository(tmp_path/'repo', monkeypatch)
        try:
            a = repo.arena
            a.m = EnumeratedModel(a.m.codec)
            start, ids = seed(a, path)
            result = a.consolidate(ids)
            need = a._fact_set([s['text'] for s in start['sources']])
            receipt = {'turn': start['turn'], 'result': a.last_consolidation_result,
                       'attempts': a.last_consolidation_attempts, 'digest_text': result[1],
                       'prompts': [c['input'] for c in a.m.calls if c['initial']],
                       'budget': max(120, 24*len(need))}
            if os.environ.get('GRM_FIX5_RECEIPTS'):
                target = Path(os.environ['GRM_FIX5_RECEIPTS'])
                target.mkdir(parents=True, exist_ok=True)
                with (target/f'{start["turn"]:03d}.json').open('x') as f:
                    json.dump(receipt, f, indent=2, sort_keys=True)
>           assert result[0] is not None, receipt
E           AssertionError: {'attempts': [{'coverage': 0.0, 'hit_count': 0, 'need_count': 8, 'prompt_index': 0, ...}, {'coverage': 0.0, 'hit_count...ime, and what each one refers to.<|end|><|start|>assistant<|channel|>final<|message|> The facts to archive are:'], ...}
E           assert None is not None

tests/test_grm_scout_fix5.py:65: AssertionError
____________________ test_r2_enumerated_facts_fold_cpu[085] ____________________

tmp_path = PosixPath('/tmp/pytest-of-vader/pytest-960/test_r2_enumerated_facts_fold_5')
monkeypatch = <_pytest.monkeypatch.MonkeyPatch object at 0x766cf15e16a0>
path = 'artifacts/grm_c7/r2/fix4_attempt_1/cells/A-078-085/folds/085-d15b5a88d2d94e56a2915cde4a8b0dfa/start.json'

    @pytest.mark.parametrize('path', CASES, ids=lambda p: Path(p).parent.name[:3])
    def test_r2_enumerated_facts_fold_cpu(tmp_path, monkeypatch, path):
        repo = repository(tmp_path/'repo', monkeypatch)
        try:
            a = repo.arena
            a.m = EnumeratedModel(a.m.codec)
            start, ids = seed(a, path)
            result = a.consolidate(ids)
            need = a._fact_set([s['text'] for s in start['sources']])
            receipt = {'turn': start['turn'], 'result': a.last_consolidation_result,
                       'attempts': a.last_consolidation_attempts, 'digest_text': result[1],
                       'prompts': [c['input'] for c in a.m.calls if c['initial']],
                       'budget': max(120, 24*len(need))}
            if os.environ.get('GRM_FIX5_RECEIPTS'):
                target = Path(os.environ['GRM_FIX5_RECEIPTS'])
                target.mkdir(parents=True, exist_ok=True)
                with (target/f'{start["turn"]:03d}.json').open('x') as f:
                    json.dump(receipt, f, indent=2, sort_keys=True)
>           assert result[0] is not None, receipt
E           AssertionError: {'attempts': [{'coverage': 0.0, 'hit_count': 0, 'need_count': 9, 'prompt_index': 0, ...}, {'coverage': 0.0, 'hit_count...ime, and what each one refers to.<|end|><|start|>assistant<|channel|>final<|message|> The facts to archive are:'], ...}
E           assert None is not None

tests/test_grm_scout_fix5.py:65: AssertionError
____________________ test_r2_enumerated_facts_fold_cpu[091] ____________________

tmp_path = PosixPath('/tmp/pytest-of-vader/pytest-960/test_r2_enumerated_facts_fold_6')
monkeypatch = <_pytest.monkeypatch.MonkeyPatch object at 0x766ddb1e3e30>
path = 'artifacts/grm_c7/r2/fix4_attempt_1/cells/A-086-093/folds/091-b0a742d7fa0f498ea4ab9d653be59f4c/start.json'

    @pytest.mark.parametrize('path', CASES, ids=lambda p: Path(p).parent.name[:3])
    def test_r2_enumerated_facts_fold_cpu(tmp_path, monkeypatch, path):
        repo = repository(tmp_path/'repo', monkeypatch)
        try:
            a = repo.arena
            a.m = EnumeratedModel(a.m.codec)
            start, ids = seed(a, path)
            result = a.consolidate(ids)
            need = a._fact_set([s['text'] for s in start['sources']])
            receipt = {'turn': start['turn'], 'result': a.last_consolidation_result,
                       'attempts': a.last_consolidation_attempts, 'digest_text': result[1],
                       'prompts': [c['input'] for c in a.m.calls if c['initial']],
                       'budget': max(120, 24*len(need))}
            if os.environ.get('GRM_FIX5_RECEIPTS'):
                target = Path(os.environ['GRM_FIX5_RECEIPTS'])
                target.mkdir(parents=True, exist_ok=True)
                with (target/f'{start["turn"]:03d}.json').open('x') as f:
                    json.dump(receipt, f, indent=2, sort_keys=True)
>           assert result[0] is not None, receipt
E           AssertionError: {'attempts': [{'coverage': 0.0, 'hit_count': 0, 'need_count': 12, 'prompt_index': 0, ...}, {'coverage': 0.0, 'hit_coun...ime, and what each one refers to.<|end|><|start|>assistant<|channel|>final<|message|> The facts to archive are:'], ...}
E           assert None is not None

tests/test_grm_scout_fix5.py:65: AssertionError
____________________ test_r2_enumerated_facts_fold_cpu[095] ____________________

tmp_path = PosixPath('/tmp/pytest-of-vader/pytest-960/test_r2_enumerated_facts_fold_7')
monkeypatch = <_pytest.monkeypatch.MonkeyPatch object at 0x766cf0c96150>
path = 'artifacts/grm_c7/r2/fix4_attempt_1/cells/A-094-100/folds/095-3df9be1aee50442c8a0fe437490940c1/start.json'

    @pytest.mark.parametrize('path', CASES, ids=lambda p: Path(p).parent.name[:3])
    def test_r2_enumerated_facts_fold_cpu(tmp_path, monkeypatch, path):
        repo = repository(tmp_path/'repo', monkeypatch)
        try:
            a = repo.arena
            a.m = EnumeratedModel(a.m.codec)
            start, ids = seed(a, path)
            result = a.consolidate(ids)
            need = a._fact_set([s['text'] for s in start['sources']])
            receipt = {'turn': start['turn'], 'result': a.last_consolidation_result,
                       'attempts': a.last_consolidation_attempts, 'digest_text': result[1],
                       'prompts': [c['input'] for c in a.m.calls if c['initial']],
                       'budget': max(120, 24*len(need))}
            if os.environ.get('GRM_FIX5_RECEIPTS'):
                target = Path(os.environ['GRM_FIX5_RECEIPTS'])
                target.mkdir(parents=True, exist_ok=True)
                with (target/f'{start["turn"]:03d}.json').open('x') as f:
                    json.dump(receipt, f, indent=2, sort_keys=True)
>           assert result[0] is not None, receipt
E           AssertionError: {'attempts': [{'coverage': 0.0, 'hit_count': 0, 'need_count': 9, 'prompt_index': 0, ...}, {'coverage': 0.0, 'hit_count...ime, and what each one refers to.<|end|><|start|>assistant<|channel|>final<|message|> The facts to archive are:'], ...}
E           assert None is not None

tests/test_grm_scout_fix5.py:65: AssertionError
____________________ test_r2_enumerated_facts_fold_cpu[099] ____________________

tmp_path = PosixPath('/tmp/pytest-of-vader/pytest-960/test_r2_enumerated_facts_fold_8')
monkeypatch = <_pytest.monkeypatch.MonkeyPatch object at 0x766cf0c95040>
path = 'artifacts/grm_c7/r2/fix4_attempt_1/cells/A-094-100/folds/099-71a7a9d8b7324a65934f918d78828724/start.json'

    @pytest.mark.parametrize('path', CASES, ids=lambda p: Path(p).parent.name[:3])
    def test_r2_enumerated_facts_fold_cpu(tmp_path, monkeypatch, path):
        repo = repository(tmp_path/'repo', monkeypatch)
        try:
            a = repo.arena
            a.m = EnumeratedModel(a.m.codec)
            start, ids = seed(a, path)
            result = a.consolidate(ids)
            need = a._fact_set([s['text'] for s in start['sources']])
            receipt = {'turn': start['turn'], 'result': a.last_consolidation_result,
                       'attempts': a.last_consolidation_attempts, 'digest_text': result[1],
                       'prompts': [c['input'] for c in a.m.calls if c['initial']],
                       'budget': max(120, 24*len(need))}
            if os.environ.get('GRM_FIX5_RECEIPTS'):
                target = Path(os.environ['GRM_FIX5_RECEIPTS'])
                target.mkdir(parents=True, exist_ok=True)
                with (target/f'{start["turn"]:03d}.json').open('x') as f:
                    json.dump(receipt, f, indent=2, sort_keys=True)
>           assert result[0] is not None, receipt
E           AssertionError: {'attempts': [{'coverage': 0.0, 'hit_count': 0, 'need_count': 8, 'prompt_index': 0, ...}, {'coverage': 0.0, 'hit_count...ime, and what each one refers to.<|end|><|start|>assistant<|channel|>final<|message|> The facts to archive are:'], ...}
E           assert None is not None

tests/test_grm_scout_fix5.py:65: AssertionError
____________________ test_r2_enumerated_facts_fold_cpu[103] ____________________

tmp_path = PosixPath('/tmp/pytest-of-vader/pytest-960/test_r2_enumerated_facts_fold_9')
monkeypatch = <_pytest.monkeypatch.MonkeyPatch object at 0x766ddb1b7650>
path = 'artifacts/grm_c7/r2/fix4_attempt_1/cells/A-101-108/folds/103-2d04027c210443289c63a9655b90470e/start.json'

    @pytest.mark.parametrize('path', CASES, ids=lambda p: Path(p).parent.name[:3])
    def test_r2_enumerated_facts_fold_cpu(tmp_path, monkeypatch, path):
        repo = repository(tmp_path/'repo', monkeypatch)
        try:
            a = repo.arena
            a.m = EnumeratedModel(a.m.codec)
            start, ids = seed(a, path)
            result = a.consolidate(ids)
            need = a._fact_set([s['text'] for s in start['sources']])
            receipt = {'turn': start['turn'], 'result': a.last_consolidation_result,
                       'attempts': a.last_consolidation_attempts, 'digest_text': result[1],
                       'prompts': [c['input'] for c in a.m.calls if c['initial']],
                       'budget': max(120, 24*len(need))}
            if os.environ.get('GRM_FIX5_RECEIPTS'):
                target = Path(os.environ['GRM_FIX5_RECEIPTS'])
                target.mkdir(parents=True, exist_ok=True)
                with (target/f'{start["turn"]:03d}.json').open('x') as f:
                    json.dump(receipt, f, indent=2, sort_keys=True)
>           assert result[0] is not None, receipt
E           AssertionError: {'attempts': [{'coverage': 0.0, 'hit_count': 0, 'need_count': 8, 'prompt_index': 0, ...}, {'coverage': 0.0, 'hit_count...ime, and what each one refers to.<|end|><|start|>assistant<|channel|>final<|message|> The facts to archive are:'], ...}
E           assert None is not None

tests/test_grm_scout_fix5.py:65: AssertionError
____________________ test_r2_enumerated_facts_fold_cpu[107] ____________________

tmp_path = PosixPath('/tmp/pytest-of-vader/pytest-960/test_r2_enumerated_facts_fold_10')
monkeypatch = <_pytest.monkeypatch.MonkeyPatch object at 0x766cf0c4b950>
path = 'artifacts/grm_c7/r2/fix4_attempt_1/cells/A-101-108/folds/107-037ea1021147420cae7505b99d7bc897/start.json'

    @pytest.mark.parametrize('path', CASES, ids=lambda p: Path(p).parent.name[:3])
    def test_r2_enumerated_facts_fold_cpu(tmp_path, monkeypatch, path):
        repo = repository(tmp_path/'repo', monkeypatch)
        try:
            a = repo.arena
            a.m = EnumeratedModel(a.m.codec)
            start, ids = seed(a, path)
            result = a.consolidate(ids)
            need = a._fact_set([s['text'] for s in start['sources']])
            receipt = {'turn': start['turn'], 'result': a.last_consolidation_result,
                       'attempts': a.last_consolidation_attempts, 'digest_text': result[1],
                       'prompts': [c['input'] for c in a.m.calls if c['initial']],
                       'budget': max(120, 24*len(need))}
            if os.environ.get('GRM_FIX5_RECEIPTS'):
                target = Path(os.environ['GRM_FIX5_RECEIPTS'])
                target.mkdir(parents=True, exist_ok=True)
                with (target/f'{start["turn"]:03d}.json').open('x') as f:
                    json.dump(receipt, f, indent=2, sort_keys=True)
>           assert result[0] is not None, receipt
E           AssertionError: {'attempts': [{'coverage': 0.0, 'hit_count': 0, 'need_count': 8, 'prompt_index': 0, ...}, {'coverage': 0.0, 'hit_count...ime, and what each one refers to.<|end|><|start|>assistant<|channel|>final<|message|> The facts to archive are:'], ...}
E           assert None is not None

tests/test_grm_scout_fix5.py:65: AssertionError
____________________ test_r2_enumerated_facts_fold_cpu[111] ____________________

tmp_path = PosixPath('/tmp/pytest-of-vader/pytest-960/test_r2_enumerated_facts_fold_11')
monkeypatch = <_pytest.monkeypatch.MonkeyPatch object at 0x766cf0df37d0>
path = 'artifacts/grm_c7/r2/fix4_attempt_1/cells/A-109-116/folds/111-3ea748aa13dd40cfb399e9c3b3b7ce82/start.json'

    @pytest.mark.parametrize('path', CASES, ids=lambda p: Path(p).parent.name[:3])
    def test_r2_enumerated_facts_fold_cpu(tmp_path, monkeypatch, path):
        repo = repository(tmp_path/'repo', monkeypatch)
        try:
            a = repo.arena
            a.m = EnumeratedModel(a.m.codec)
            start, ids = seed(a, path)
            result = a.consolidate(ids)
            need = a._fact_set([s['text'] for s in start['sources']])
            receipt = {'turn': start['turn'], 'result': a.last_consolidation_result,
                       'attempts': a.last_consolidation_attempts, 'digest_text': result[1],
                       'prompts': [c['input'] for c in a.m.calls if c['initial']],
                       'budget': max(120, 24*len(need))}
            if os.environ.get('GRM_FIX5_RECEIPTS'):
                target = Path(os.environ['GRM_FIX5_RECEIPTS'])
                target.mkdir(parents=True, exist_ok=True)
                with (target/f'{start["turn"]:03d}.json').open('x') as f:
                    json.dump(receipt, f, indent=2, sort_keys=True)
>           assert result[0] is not None, receipt
E           AssertionError: {'attempts': [{'coverage': 0.0, 'hit_count': 0, 'need_count': 8, 'prompt_index': 0, ...}, {'coverage': 0.0, 'hit_count...ime, and what each one refers to.<|end|><|start|>assistant<|channel|>final<|message|> The facts to archive are:'], ...}
E           assert None is not None

tests/test_grm_scout_fix5.py:65: AssertionError
____________________ test_r2_enumerated_facts_fold_cpu[115] ____________________

tmp_path = PosixPath('/tmp/pytest-of-vader/pytest-960/test_r2_enumerated_facts_fold_12')
monkeypatch = <_pytest.monkeypatch.MonkeyPatch object at 0x766cf0c326f0>
path = 'artifacts/grm_c7/r2/fix4_attempt_1/cells/A-109-116/folds/115-636a4f13086f4af6bdbd6dbf0b5d1614/start.json'

    @pytest.mark.parametrize('path', CASES, ids=lambda p: Path(p).parent.name[:3])
    def test_r2_enumerated_facts_fold_cpu(tmp_path, monkeypatch, path):
        repo = repository(tmp_path/'repo', monkeypatch)
        try:
            a = repo.arena
            a.m = EnumeratedModel(a.m.codec)
            start, ids = seed(a, path)
            result = a.consolidate(ids)
            need = a._fact_set([s['text'] for s in start['sources']])
            receipt = {'turn': start['turn'], 'result': a.last_consolidation_result,
                       'attempts': a.last_consolidation_attempts, 'digest_text': result[1],
                       'prompts': [c['input'] for c in a.m.calls if c['initial']],
                       'budget': max(120, 24*len(need))}
            if os.environ.get('GRM_FIX5_RECEIPTS'):
                target = Path(os.environ['GRM_FIX5_RECEIPTS'])
                target.mkdir(parents=True, exist_ok=True)
                with (target/f'{start["turn"]:03d}.json').open('x') as f:
                    json.dump(receipt, f, indent=2, sort_keys=True)
>           assert result[0] is not None, receipt
E           AssertionError: {'attempts': [{'coverage': 0.0, 'hit_count': 0, 'need_count': 8, 'prompt_index': 0, ...}, {'coverage': 0.0, 'hit_count...ime, and what each one refers to.<|end|><|start|>assistant<|channel|>final<|message|> The facts to archive are:'], ...}
E           assert None is not None

tests/test_grm_scout_fix5.py:65: AssertionError
=========================== short test summary info ============================
FAILED tests/test_grm_scout_fix5.py::test_r2_enumerated_facts_fold_cpu[008]
FAILED tests/test_grm_scout_fix5.py::test_r2_enumerated_facts_fold_cpu[017]
FAILED tests/test_grm_scout_fix5.py::test_r2_enumerated_facts_fold_cpu[026]
FAILED tests/test_grm_scout_fix5.py::test_r2_enumerated_facts_fold_cpu[055]
FAILED tests/test_grm_scout_fix5.py::test_r2_enumerated_facts_fold_cpu[074]
FAILED tests/test_grm_scout_fix5.py::test_r2_enumerated_facts_fold_cpu[085]
FAILED tests/test_grm_scout_fix5.py::test_r2_enumerated_facts_fold_cpu[091]
FAILED tests/test_grm_scout_fix5.py::test_r2_enumerated_facts_fold_cpu[095]
FAILED tests/test_grm_scout_fix5.py::test_r2_enumerated_facts_fold_cpu[099]
FAILED tests/test_grm_scout_fix5.py::test_r2_enumerated_facts_fold_cpu[103]
FAILED tests/test_grm_scout_fix5.py::test_r2_enumerated_facts_fold_cpu[107]
FAILED tests/test_grm_scout_fix5.py::test_r2_enumerated_facts_fold_cpu[111]
FAILED tests/test_grm_scout_fix5.py::test_r2_enumerated_facts_fold_cpu[115]
13 failed in 5.44s
sys:1: DeprecationWarning: builtin type swigvarlink has no __module__ attribute
