F                                                                        [100%]
=================================== FAILURES ===================================
______________ test_final_flush_only_fire_keeps_completed_answer _______________

cpu_hooks = (namespace(sink_attention_tc=<function cpu_hooks.<locals>.<lambda> at 0x7de7a67e9580>, sliding_sink_attention_tc=<func...mespace(layers=[namespace(self_attn=namespace(layer_type='full_attention', attention_mode='standard', layer_idx=0))])])

    def test_final_flush_only_fire_keeps_completed_answer(cpu_hooks):
        off_arena, off, expected = run([.9, .9, .9, .1], False)
        arena, obs, result = run([.9, .9, .9, .1], True)
        assert result == expected
>       assert obs.finish() == off.finish()  # Before fix: captured 4 rows for ngen=3.
               ^^^^^^^^^^^^

tests/test_grm_scout_fix1_demand.py:46: 
_ _ _ _ _ _ _ _ _ _ _ _ _ _ _ _ _ _ _ _ _ _ _ _ _ _ _ _ _ _ _ _ _ _ _ _ _ _ _ _ 

self = DemandObserver(arena=<tests.test_grm_sc2_calibration_early_abort._ResumeArena object at 0x7de7a673a3f0>, ngen=3, thres... 'physical_sink_mass': 0.9, 'live_mass': 0.0, 'learned_sink_mass': 0.0, 'full_attention_layers': 1}], early_abort=True)

    def finish(self) -> list[dict[str, Any]]:
        """The answer-position rows, with the race's flush-drop convention.
    
        ``ArenaCache._attempt`` runs ONE extra forward past ``ngen`` solely to
        commit the final predicted token to KV; its logits are unused and it
        is not an answer position.  The race dropped it and so does this.
        """
        kept = list(self.records)
        # GRM-SC2: an ABORTED attempt never reached the final commit forward,
        # so there is no unused flush row to drop. Dropping one here would
        # silently discard the FIRE row itself whenever the fire landed on the
        # last captured position, which would turn a fired turn into an
        # un-fired one. The convention applies to completed attempts only.
        if self.aborted_at is None and len(kept) == self.ngen + 1:
            kept = kept[:-1]
        if len(kept) > self.ngen:
>           raise DemandError(
                f"observer captured {len(kept)} answer rows for ngen={self.ngen}")
E           core.grm_demand.DemandError: observer captured 4 answer rows for ngen=3

core/grm_demand.py:503: DemandError
=============================== warnings summary ===============================
<frozen importlib._bootstrap>:488
  <frozen importlib._bootstrap>:488: DeprecationWarning: builtin type SwigPyPacked has no __module__ attribute

<frozen importlib._bootstrap>:488
  <frozen importlib._bootstrap>:488: DeprecationWarning: builtin type SwigPyObject has no __module__ attribute

-- Docs: https://docs.pytest.org/en/stable/how-to/capture-warnings.html
=========================== short test summary info ============================
FAILED tests/test_grm_scout_fix1_demand.py::test_final_flush_only_fire_keeps_completed_answer
1 failed, 2 warnings in 0.22s
sys:1: DeprecationWarning: builtin type swigvarlink has no __module__ attribute
