........................................................................ [  6%]
........................................................................ [ 12%]
........................................................................ [ 19%]
........................................................................ [ 25%]
........................................................................ [ 32%]
........................................................................ [ 38%]
........................................................................ [ 45%]
........................................................................ [ 51%]
...................................ssssssssss........................... [ 58%]
.................sssssssssssssss...s.................................... [ 64%]
...........sss.sss.................................sss.....s............ [ 71%]
........................................................................ [ 77%]
...............s.........................................s...........sss [ 84%]
sssssssssssssssssssssssssssss...........................s.sss.s......... [ 90%]
......s...............................................................s. [ 97%]
ssss.........sssssssss.sssssssss.                                        [100%]
=============================== warnings summary ===============================
<frozen importlib._bootstrap>:488
  <frozen importlib._bootstrap>:488: DeprecationWarning: builtin type SwigPyPacked has no __module__ attribute

<frozen importlib._bootstrap>:488
  <frozen importlib._bootstrap>:488: DeprecationWarning: builtin type SwigPyObject has no __module__ attribute

-- Docs: https://docs.pytest.org/en/stable/how-to/capture-warnings.html
1014 passed, 99 skipped, 2 warnings in 147.07s (0:02:27)
sys:1: DeprecationWarning: builtin type swigvarlink has no __module__ attribute
