{"path": "/mnt/ForgeRealm/wt/grm-c7/artifacts/grm_c7/r3", "free_bytes": 283625955328, "minimum_bytes": 20000000000, "units": "decimal GB", "pass": true}
{"status": "GREEN_CPU", "registration_sha256": "65c543b1904e6e3bd81d95316dbc092fd72f70ae164044cce036ce8a6ec04b1c", "cells": 39}
{
  "status": "NOT_RUN_NO_GPU_ORDER",
  "gpu_executed": false,
  "binding": {
    "registration_sha256": "65c543b1904e6e3bd81d95316dbc092fd72f70ae164044cce036ce8a6ec04b1c",
    "fixture_sha256": "b648ebb71072d1c357146f6cedb22f6d93dd259a69cb50d912e1e9b564624c17",
    "arm": "A",
    "revision": "r3",
    "source_manifest_sha256": "9f335bd1fc31186fca8892f5be040f9b75c7a038178b0f97f7d51ed530343245"
  },
  "receipt_directory": "/mnt/ForgeRealm/wt/grm-c7/artifacts/grm_c7/r3",
  "cells": [
    {
      "arm": "A",
      "cooldown_seconds": 30,
      "depends": null,
      "estimate_seconds": 143.436089,
      "id": "A-001-008",
      "lease_seconds": 285,
      "outer_seconds": 590,
      "start": 1,
      "stop": 8,
      "worker_seconds": 280
    },
    {
      "arm": "A",
      "cooldown_seconds": 30,
      "depends": "A-001-008",
      "estimate_seconds": 189.496231,
      "id": "A-009-016",
      "lease_seconds": 285,
      "outer_seconds": 590,
      "start": 9,
      "stop": 16,
      "worker_seconds": 280
    },
    {
      "arm": "A",
      "cooldown_seconds": 30,
      "depends": "A-009-016",
      "estimate_seconds": 276.614786,
      "id": "A-017-023",
      "lease_seconds": 285,
      "outer_seconds": 590,
      "start": 17,
      "stop": 23,
      "worker_seconds": 280
    },
    {
      "arm": "A",
      "cooldown_seconds": 30,
      "depends": "A-017-023",
      "estimate_seconds": 231.072174,
      "id": "A-024-031",
      "lease_seconds": 285,
      "outer_seconds": 590,
      "start": 24,
      "stop": 31,
      "worker_seconds": 280
    },
    {
      "arm": "A",
      "cooldown_seconds": 30,
      "depends": "A-024-031",
      "estimate_seconds": 189.496231,
      "id": "A-032-039",
      "lease_seconds": 285,
      "outer_seconds": 590,
      "start": 32,
      "stop": 39,
      "worker_seconds": 280
    },
    {
      "arm": "A",
      "cooldown_seconds": 30,
      "depends": "A-032-039",
      "estimate_seconds": 171.072174,
      "id": "A-040-047",
      "lease_seconds": 285,
      "outer_seconds": 590,
      "start": 40,
      "stop": 47,
      "worker_seconds": 280
    },
    {
      "arm": "A",
      "cooldown_seconds": 30,
      "depends": "A-040-047",
      "estimate_seconds": 255.030359,
      "id": "A-048-055",
      "lease_seconds": 285,
      "outer_seconds": 590,
      "start": 48,
      "stop": 55,
      "worker_seconds": 280
    },
    {
      "arm": "A",
      "cooldown_seconds": 30,
      "depends": "A-048-055",
      "estimate_seconds": 255.388819,
      "id": "A-056-062",
      "lease_seconds": 285,
      "outer_seconds": 590,
      "start": 56,
      "stop": 62,
      "worker_seconds": 280
    },
    {
      "arm": "A",
      "cooldown_seconds": 30,
      "depends": "A-056-062",
      "estimate_seconds": 245.468354,
      "id": "A-063-070",
      "lease_seconds": 285,
      "outer_seconds": 590,
      "start": 63,
      "stop": 70,
      "worker_seconds": 280
    },
    {
      "arm": "A",
      "cooldown_seconds": 30,
      "depends": "A-063-070",
      "estimate_seconds": 263.374881,
      "id": "A-071-077",
      "lease_seconds": 285,
      "outer_seconds": 590,
      "start": 71,
      "stop": 77,
      "worker_seconds": 280
    },
    {
      "arm": "A",
      "cooldown_seconds": 30,
      "depends": "A-071-077",
      "estimate_seconds": 171.072174,
      "id": "A-078-085",
      "lease_seconds": 285,
      "outer_seconds": 590,
      "start": 78,
      "stop": 85,
      "worker_seconds": 280
    },
    {
      "arm": "A",
      "cooldown_seconds": 30,
      "depends": "A-078-085",
      "estimate_seconds": 161.860146,
      "id": "A-086-093",
      "lease_seconds": 285,
      "outer_seconds": 590,
      "start": 86,
      "stop": 93,
      "worker_seconds": 280
    },
    {
      "arm": "A",
      "cooldown_seconds": 30,
      "depends": "A-086-093",
      "estimate_seconds": 169.854692,
      "id": "A-094-100",
      "lease_seconds": 285,
      "outer_seconds": 590,
      "start": 94,
      "stop": 100,
      "worker_seconds": 280
    },
    {
      "arm": "A",
      "cooldown_seconds": 30,
      "depends": "A-094-100",
      "estimate_seconds": 180.284203,
      "id": "A-101-108",
      "lease_seconds": 285,
      "outer_seconds": 590,
      "start": 101,
      "stop": 108,
      "worker_seconds": 280
    },
    {
      "arm": "A",
      "cooldown_seconds": 30,
      "depends": "A-101-108",
      "estimate_seconds": 143.436089,
      "id": "A-109-116",
      "lease_seconds": 285,
      "outer_seconds": 590,
      "start": 109,
      "stop": 116,
      "worker_seconds": 280
    },
    {
      "arm": "A",
      "cooldown_seconds": 30,
      "depends": "A-109-116",
      "estimate_seconds": 143.436089,
      "id": "A-117-124",
      "lease_seconds": 285,
      "outer_seconds": 590,
      "start": 117,
      "stop": 124,
      "worker_seconds": 280
    },
    {
      "arm": "A",
      "cooldown_seconds": 30,
      "depends": "A-117-124",
      "estimate_seconds": 189.496231,
      "id": "A-125-132",
      "lease_seconds": 285,
      "outer_seconds": 590,
      "start": 125,
      "stop": 132,
      "worker_seconds": 280
    },
    {
      "arm": "A",
      "cooldown_seconds": 30,
      "depends": "A-125-132",
      "estimate_seconds": 209.496231,
      "id": "A-133-140",
      "lease_seconds": 285,
      "outer_seconds": 590,
      "start": 133,
      "stop": 140,
      "worker_seconds": 280
    },
    {
      "arm": "A",
      "cooldown_seconds": 30,
      "depends": "A-133-140",
      "estimate_seconds": 161.860146,
      "id": "A-141-148",
      "lease_seconds": 285,
      "outer_seconds": 590,
      "start": 141,
      "stop": 148,
      "worker_seconds": 280
    },
    {
      "arm": "A",
      "cooldown_seconds": 30,
      "depends": "A-141-148",
      "estimate_seconds": 143.436089,
      "id": "A-149-156",
      "lease_seconds": 285,
      "outer_seconds": 590,
      "start": 149,
      "stop": 156,
      "worker_seconds": 280
    },
    {
      "arm": "A",
      "cooldown_seconds": 30,
      "depends": "A-149-156",
      "estimate_seconds": 143.436089,
      "id": "A-157-164",
      "lease_seconds": 285,
      "outer_seconds": 590,
      "start": 157,
      "stop": 164,
      "worker_seconds": 280
    },
    {
      "arm": "A",
      "cooldown_seconds": 30,
      "depends": "A-157-164",
      "estimate_seconds": 143.436089,
      "id": "A-165-172",
      "lease_seconds": 285,
      "outer_seconds": 590,
      "start": 165,
      "stop": 172,
      "worker_seconds": 280
    },
    {
      "arm": "A",
      "cooldown_seconds": 30,
      "depends": "A-165-172",
      "estimate_seconds": 143.436089,
      "id": "A-173-180",
      "lease_seconds": 285,
      "outer_seconds": 590,
      "start": 173,
      "stop": 180,
      "worker_seconds": 280
    },
    {
      "arm": "A",
      "cooldown_seconds": 30,
      "depends": "A-173-180",
      "estimate_seconds": 143.436089,
      "id": "A-181-188",
      "lease_seconds": 285,
      "outer_seconds": 590,
      "start": 181,
      "stop": 188,
      "worker_seconds": 280
    },
    {
      "arm": "A",
      "cooldown_seconds": 30,
      "depends": "A-181-188",
      "estimate_seconds": 143.436089,
      "id": "A-189-196",
      "lease_seconds": 285,
      "outer_seconds": 590,
      "start": 189,
      "stop": 196,
      "worker_seconds": 280
    },
    {
      "arm": "A",
      "cooldown_seconds": 30,
      "depends": "A-189-196",
      "estimate_seconds": 138.566158,
      "id": "A-197-200",
      "lease_seconds": 285,
      "outer_seconds": 590,
      "start": 197,
      "stop": 200,
      "worker_seconds": 280
    },
    {
      "arm": "A",
      "cooldown_seconds": 30,
      "depends": "A-197-200",
      "estimate_seconds": 180.284203,
      "id": "A-201-208",
      "lease_seconds": 285,
      "outer_seconds": 590,
      "start": 201,
      "stop": 208,
      "worker_seconds": 280
    },
    {
      "arm": "A",
      "cooldown_seconds": 30,
      "depends": "A-201-208",
      "estimate_seconds": 143.436089,
      "id": "A-209-216",
      "lease_seconds": 285,
      "outer_seconds": 590,
      "start": 209,
      "stop": 216,
      "worker_seconds": 280
    },
    {
      "arm": "A",
      "cooldown_seconds": 30,
      "depends": "A-209-216",
      "estimate_seconds": 143.436089,
      "id": "A-217-224",
      "lease_seconds": 285,
      "outer_seconds": 590,
      "start": 217,
      "stop": 224,
      "worker_seconds": 280
    },
    {
      "arm": "A",
      "cooldown_seconds": 30,
      "depends": "A-217-224",
      "estimate_seconds": 143.436089,
      "id": "A-225-232",
      "lease_seconds": 285,
      "outer_seconds": 590,
      "start": 225,
      "stop": 232,
      "worker_seconds": 280
    },
    {
      "arm": "A",
      "cooldown_seconds": 30,
      "depends": "A-225-232",
      "estimate_seconds": 163.436089,
      "id": "A-233-240",
      "lease_seconds": 285,
      "outer_seconds": 590,
      "start": 233,
      "stop": 240,
      "worker_seconds": 280
    },
    {
      "arm": "A",
      "cooldown_seconds": 30,
      "depends": "A-233-240",
      "estimate_seconds": 143.436089,
      "id": "A-241-248",
      "lease_seconds": 285,
      "outer_seconds": 590,
      "start": 241,
      "stop": 248,
      "worker_seconds": 280
    },
    {
      "arm": "A",
      "cooldown_seconds": 30,
      "depends": "A-241-248",
      "estimate_seconds": 152.648118,
      "id": "A-249-256",
      "lease_seconds": 285,
      "outer_seconds": 590,
      "start": 249,
      "stop": 256,
      "worker_seconds": 280
    },
    {
      "arm": "A",
      "cooldown_seconds": 30,
      "depends": "A-249-256",
      "estimate_seconds": 180.284203,
      "id": "A-257-264",
      "lease_seconds": 285,
      "outer_seconds": 590,
      "start": 257,
      "stop": 264,
      "worker_seconds": 280
    },
    {
      "arm": "A",
      "cooldown_seconds": 30,
      "depends": "A-257-264",
      "estimate_seconds": 189.496231,
      "id": "A-265-272",
      "lease_seconds": 285,
      "outer_seconds": 590,
      "start": 265,
      "stop": 272,
      "worker_seconds": 280
    },
    {
      "arm": "A",
      "cooldown_seconds": 30,
      "depends": "A-265-272",
      "estimate_seconds": 161.860146,
      "id": "A-273-280",
      "lease_seconds": 285,
      "outer_seconds": 590,
      "start": 273,
      "stop": 280,
      "worker_seconds": 280
    },
    {
      "arm": "A",
      "cooldown_seconds": 30,
      "depends": "A-273-280",
      "estimate_seconds": 143.436089,
      "id": "A-281-288",
      "lease_seconds": 285,
      "outer_seconds": 590,
      "start": 281,
      "stop": 288,
      "worker_seconds": 280
    },
    {
      "arm": "A",
      "cooldown_seconds": 30,
      "depends": "A-281-288",
      "estimate_seconds": 143.436089,
      "id": "A-289-296",
      "lease_seconds": 285,
      "outer_seconds": 590,
      "start": 289,
      "stop": 296,
      "worker_seconds": 280
    },
    {
      "arm": "A",
      "cooldown_seconds": 30,
      "depends": "A-289-296",
      "estimate_seconds": 101.718045,
      "id": "A-297-300",
      "lease_seconds": 285,
      "outer_seconds": 590,
      "start": 297,
      "stop": 300,
      "worker_seconds": 280
    }
  ],
  "arms": {
    "A": {
      "cost_basis": "same EB1 proxy; B width256 speed unmeasured",
      "estimate_seconds": 6740.77236,
      "flags": {
        "adm_decisive": true,
        "admission_mode": "A-DEC",
        "arena_width": 96,
        "capture_pin": "live",
        "demand_ngh": false,
        "ephemeral": true,
        "gqa_cuda_route": true,
        "graft_storage_bits": 8,
        "length_debias": false,
        "live_turns": 2,
        "lsr_fixes": true,
        "max_live": 4096,
        "max_trips": 1,
        "ngen": 32,
        "probe_ladder": true,
        "route_query_lex": true,
        "rt1_rule": true,
        "seat_near_live": true,
        "sup_resolve": true,
        "topk": 3,
        "turn_pipeline": "single",
        "vram_budget_mb": null
      },
      "gpu_hours": 1.8724367666666666,
      "standalone_fit_estimate": true,
      "status": "FIT_ESTIMATE"
    }
  },
  "budget_seconds_arm_A": 7920,
  "prediction": {
    "aliases": "<= 2/12",
    "aliases_expected_to_fail": true,
    "corrections": ">= 6/13",
    "folded": ">= 10/15",
    "fresh": ">= 10/12",
    "residency": "bounded",
    "restarts": "retained"
  },
  "denominator_note": "Order predictions retained verbatim. Frozen fixture has 15 probes per class (10 answerable + 5 unanswerable controls), 60 total. No subset for 12/15/13/12 is specified: report all 60 and actual denominators; prediction evaluation is unresolved, not a PASS criterion."
}
