
==================================== ERRORS ====================================
____________ ERROR collecting grm-lt1/tests/test_grm_scout_fix6.py _____________
ImportError while importing test module '/mnt/ForgeRealm/wt/grm-lt1/tests/test_grm_scout_fix6.py'.
Hint: make sure your test modules/packages have valid Python names.
Traceback:
/usr/lib/python3.12/importlib/__init__.py:90: in import_module
    return _bootstrap._gcd_import(name[level:], package, level)
           ^^^^^^^^^^^^^^^^^^^^^^^^^^^^^^^^^^^^^^^^^^^^^^^^^^^^
../grm-lt1/tests/test_grm_scout_fix6.py:9: in <module>
    from scripts.grm_lt1_admission import evaluate
E   ModuleNotFoundError: No module named 'scripts.grm_lt1_admission'
=============================== warnings summary ===============================
<frozen importlib._bootstrap>:488
  <frozen importlib._bootstrap>:488: DeprecationWarning: builtin type SwigPyPacked has no __module__ attribute

<frozen importlib._bootstrap>:488
  <frozen importlib._bootstrap>:488: DeprecationWarning: builtin type SwigPyObject has no __module__ attribute

-- Docs: https://docs.pytest.org/en/stable/how-to/capture-warnings.html
=========================== short test summary info ============================
ERROR ../grm-lt1/tests/test_grm_scout_fix6.py
!!!!!!!!!!!!!!!!!!!! Interrupted: 1 error during collection !!!!!!!!!!!!!!!!!!!!
2 warnings, 1 error in 0.39s
sys:1: DeprecationWarning: builtin type swigvarlink has no __module__ attribute
