F..                                                                      [100%]
=================================== FAILURES ===================================
____________ test_fixture_identifiers_mount_and_live_oracle_answers ____________

tmp_path = PosixPath('/tmp/pytest-of-vader/pytest-910/test_fixture_identifiers_mount0')
monkeypatch = <_pytest.monkeypatch.MonkeyPatch object at 0x79eb63194c50>

    def test_fixture_identifiers_mount_and_live_oracle_answers(tmp_path, monkeypatch):
        repo = repository(tmp_path / 'repo', monkeypatch)
        p = fixture()['probes'][0]
        try:
            idx = repo.add_document(p['oracle_source_texts'][0])
            question = c7.effective_question(p['question'])
            answer, info = _probe_ladder_chat(repo, question, topk=3,
                                              ngen=32, max_trips=1, defer_memory=True)
>           assert repo.arena.cur_mounts == [idx]
E           assert [] == [0]
E             
E             Right contains one more item: 0
E             Use -v to get more diff

tests/test_grm_c7_r2.py:30: AssertionError
=============================== warnings summary ===============================
<frozen importlib._bootstrap>:488
  <frozen importlib._bootstrap>:488: DeprecationWarning: builtin type SwigPyPacked has no __module__ attribute

<frozen importlib._bootstrap>:488
  <frozen importlib._bootstrap>:488: DeprecationWarning: builtin type SwigPyObject has no __module__ attribute

-- Docs: https://docs.pytest.org/en/stable/how-to/capture-warnings.html
=========================== short test summary info ============================
FAILED tests/test_grm_c7_r2.py::test_fixture_identifiers_mount_and_live_oracle_answers
1 failed, 2 passed, 2 warnings in 4.36s
sys:1: DeprecationWarning: builtin type swigvarlink has no __module__ attribute
