.F.                                                                      [100%]
=================================== FAILURES ===================================
______ test_oracle_sets_restores_layer_positions_and_records_wrapped_ids _______

tmp_path = PosixPath('/tmp/pytest-of-vader/pytest-909/test_oracle_sets_restores_laye0')
monkeypatch = <_pytest.monkeypatch.MonkeyPatch object at 0x73b9476fa300>

    def test_oracle_sets_restores_layer_positions_and_records_wrapped_ids(tmp_path, monkeypatch):
        repo = repository(tmp_path / 'repo', monkeypatch)
        a = repo.arena
        p = fixture()['probes'][0]
        try:
            a.m.layers[0].self_attn.live_shift = 991
            before = (a.caches, a.pos, list(a.live_segs), list(a.cur_mounts), a.cur_mount_n)
            result = c7.oracle(a, p, 32)
>           assert a.m.calls[0]['live_shift'] == a.live_shift
E           assert 991 == 111
E            +  where 111 = <scripts.grm_c7_diagnose.CPUArena object at 0x73b94512fad0>.live_shift

tests/test_grm_c7_r2.py:61: AssertionError
=============================== warnings summary ===============================
<frozen importlib._bootstrap>:488
  <frozen importlib._bootstrap>:488: DeprecationWarning: builtin type SwigPyPacked has no __module__ attribute

<frozen importlib._bootstrap>:488
  <frozen importlib._bootstrap>:488: DeprecationWarning: builtin type SwigPyObject has no __module__ attribute

-- Docs: https://docs.pytest.org/en/stable/how-to/capture-warnings.html
=========================== short test summary info ============================
FAILED tests/test_grm_c7_r2.py::test_oracle_sets_restores_layer_positions_and_records_wrapped_ids
1 failed, 2 passed, 2 warnings in 4.23s
sys:1: DeprecationWarning: builtin type swigvarlink has no __module__ attribute
