FFFFFFFFFFFF...........FF                                                [100%]
=================================== FAILURES ===================================
_____________ test_fold_harmony_wrapper_and_stop[<|return|>-turn] ______________

tmp_path = PosixPath('/tmp/pytest-of-vader/pytest-907/test_fold_harmony_wrapper_and_0')
monkeypatch = <_pytest.monkeypatch.MonkeyPatch object at 0x7e4e1998aff0>
kind = 'turn', stop = '<|return|>'

    @pytest.mark.parametrize('kind', ['turn', 'digest', 'era'])
    @pytest.mark.parametrize('stop', HARMONY_STOPS)
    def test_fold_harmony_wrapper_and_stop(tmp_path, monkeypatch, kind, stop):
        repo = repository(tmp_path / 'repo', monkeypatch)
        try:
            a = repo.arena
            idx = repo.add_document(SOURCE)
            a.grafts[idx]['kind'] = kind
            a.m.fold_output = SOURCE + stop + ' LEAK'
            assert repo._fold_once(jobs=[('digest', [idx])])
            first = a.m.calls[0]['input']
            raw = (a.DIGEST_PROMPTS if kind == 'turn' else a.ERA_PROMPTS)[0]
            user, primer = raw.removeprefix('User: ').rsplit('\nAssistant:', 1)
            assert first == harmony_turn(user, None) + primer
>           assert len(a.m.calls) == len(a.encode(SOURCE + stop))
E           AssertionError: assert 360 == 11
E            +  where 360 = len([{'initial': True, 'injected': 'The current C7-Fresh-0 value is Basalt-811.', 'input': '<|start|>system<|message|>You ...False, 'injected': 'The current C7-Fresh-0 value is Basalt-811.', 'input': 'C7-Fresh-0', 'live_shift': None, ...}, ...])
E            +    where [{'initial': True, 'injected': 'The current C7-Fresh-0 value is Basalt-811.', 'input': '<|start|>system<|message|>You ...False, 'injected': 'The current C7-Fresh-0 value is Basalt-811.', 'input': 'C7-Fresh-0', 'live_shift': None, ...}, ...] = <scripts.grm_c7_diagnose.Model object at 0x7e4e1314f350>.calls
E            +      where <scripts.grm_c7_diagnose.Model object at 0x7e4e1314f350> = <scripts.grm_c7_diagnose.CPUArena object at 0x7e4e1314f4a0>.m
E            +  and   11 = len([10, 2, 11, 2, 12, 2, ...])
E            +    where [10, 2, 11, 2, 12, 2, ...] = encode(('The current C7-Fresh-0 value is Basalt-811.' + '<|return|>'))
E            +      where encode = <scripts.grm_c7_diagnose.CPUArena object at 0x7e4e1314f4a0>.encode

tests/test_grm_scout_fix3.py:29: AssertionError
____________ test_fold_harmony_wrapper_and_stop[<|return|>-digest] _____________

tmp_path = PosixPath('/tmp/pytest-of-vader/pytest-907/test_fold_harmony_wrapper_and_1')
monkeypatch = <_pytest.monkeypatch.MonkeyPatch object at 0x7e4e1314f2f0>
kind = 'digest', stop = '<|return|>'

    @pytest.mark.parametrize('kind', ['turn', 'digest', 'era'])
    @pytest.mark.parametrize('stop', HARMONY_STOPS)
    def test_fold_harmony_wrapper_and_stop(tmp_path, monkeypatch, kind, stop):
        repo = repository(tmp_path / 'repo', monkeypatch)
        try:
            a = repo.arena
            idx = repo.add_document(SOURCE)
            a.grafts[idx]['kind'] = kind
            a.m.fold_output = SOURCE + stop + ' LEAK'
            assert repo._fold_once(jobs=[('digest', [idx])])
            first = a.m.calls[0]['input']
            raw = (a.DIGEST_PROMPTS if kind == 'turn' else a.ERA_PROMPTS)[0]
            user, primer = raw.removeprefix('User: ').rsplit('\nAssistant:', 1)
            assert first == harmony_turn(user, None) + primer
>           assert len(a.m.calls) == len(a.encode(SOURCE + stop))
E           AssertionError: assert 360 == 11
E            +  where 360 = len([{'initial': True, 'injected': 'The current C7-Fresh-0 value is Basalt-811.', 'input': '<|start|>system<|message|>You ...False, 'injected': 'The current C7-Fresh-0 value is Basalt-811.', 'input': 'C7-Fresh-0', 'live_shift': None, ...}, ...])
E            +    where [{'initial': True, 'injected': 'The current C7-Fresh-0 value is Basalt-811.', 'input': '<|start|>system<|message|>You ...False, 'injected': 'The current C7-Fresh-0 value is Basalt-811.', 'input': 'C7-Fresh-0', 'live_shift': None, ...}, ...] = <scripts.grm_c7_diagnose.Model object at 0x7e4e1314e990>.calls
E            +      where <scripts.grm_c7_diagnose.Model object at 0x7e4e1314e990> = <scripts.grm_c7_diagnose.CPUArena object at 0x7e4e1314fa70>.m
E            +  and   11 = len([10, 2, 11, 2, 12, 2, ...])
E            +    where [10, 2, 11, 2, 12, 2, ...] = encode(('The current C7-Fresh-0 value is Basalt-811.' + '<|return|>'))
E            +      where encode = <scripts.grm_c7_diagnose.CPUArena object at 0x7e4e1314fa70>.encode

tests/test_grm_scout_fix3.py:29: AssertionError
______________ test_fold_harmony_wrapper_and_stop[<|return|>-era] ______________

tmp_path = PosixPath('/tmp/pytest-of-vader/pytest-907/test_fold_harmony_wrapper_and_2')
monkeypatch = <_pytest.monkeypatch.MonkeyPatch object at 0x7e4e131a8140>
kind = 'era', stop = '<|return|>'

    @pytest.mark.parametrize('kind', ['turn', 'digest', 'era'])
    @pytest.mark.parametrize('stop', HARMONY_STOPS)
    def test_fold_harmony_wrapper_and_stop(tmp_path, monkeypatch, kind, stop):
        repo = repository(tmp_path / 'repo', monkeypatch)
        try:
            a = repo.arena
            idx = repo.add_document(SOURCE)
            a.grafts[idx]['kind'] = kind
            a.m.fold_output = SOURCE + stop + ' LEAK'
            assert repo._fold_once(jobs=[('digest', [idx])])
            first = a.m.calls[0]['input']
            raw = (a.DIGEST_PROMPTS if kind == 'turn' else a.ERA_PROMPTS)[0]
            user, primer = raw.removeprefix('User: ').rsplit('\nAssistant:', 1)
            assert first == harmony_turn(user, None) + primer
>           assert len(a.m.calls) == len(a.encode(SOURCE + stop))
E           AssertionError: assert 360 == 11
E            +  where 360 = len([{'initial': True, 'injected': 'The current C7-Fresh-0 value is Basalt-811.', 'input': '<|start|>system<|message|>You ...False, 'injected': 'The current C7-Fresh-0 value is Basalt-811.', 'input': 'C7-Fresh-0', 'live_shift': None, ...}, ...])
E            +    where [{'initial': True, 'injected': 'The current C7-Fresh-0 value is Basalt-811.', 'input': '<|start|>system<|message|>You ...False, 'injected': 'The current C7-Fresh-0 value is Basalt-811.', 'input': 'C7-Fresh-0', 'live_shift': None, ...}, ...] = <scripts.grm_c7_diagnose.Model object at 0x7e4e131aa990>.calls
E            +      where <scripts.grm_c7_diagnose.Model object at 0x7e4e131aa990> = <scripts.grm_c7_diagnose.CPUArena object at 0x7e4e131ab4a0>.m
E            +  and   11 = len([10, 2, 11, 2, 12, 2, ...])
E            +    where [10, 2, 11, 2, 12, 2, ...] = encode(('The current C7-Fresh-0 value is Basalt-811.' + '<|return|>'))
E            +      where encode = <scripts.grm_c7_diagnose.CPUArena object at 0x7e4e131ab4a0>.encode

tests/test_grm_scout_fix3.py:29: AssertionError
_______________ test_fold_harmony_wrapper_and_stop[<|end|>-turn] _______________

tmp_path = PosixPath('/tmp/pytest-of-vader/pytest-907/test_fold_harmony_wrapper_and_3')
monkeypatch = <_pytest.monkeypatch.MonkeyPatch object at 0x7e4e131aa960>
kind = 'turn', stop = '<|end|>'

    @pytest.mark.parametrize('kind', ['turn', 'digest', 'era'])
    @pytest.mark.parametrize('stop', HARMONY_STOPS)
    def test_fold_harmony_wrapper_and_stop(tmp_path, monkeypatch, kind, stop):
        repo = repository(tmp_path / 'repo', monkeypatch)
        try:
            a = repo.arena
            idx = repo.add_document(SOURCE)
            a.grafts[idx]['kind'] = kind
            a.m.fold_output = SOURCE + stop + ' LEAK'
            assert repo._fold_once(jobs=[('digest', [idx])])
            first = a.m.calls[0]['input']
            raw = (a.DIGEST_PROMPTS if kind == 'turn' else a.ERA_PROMPTS)[0]
            user, primer = raw.removeprefix('User: ').rsplit('\nAssistant:', 1)
            assert first == harmony_turn(user, None) + primer
>           assert len(a.m.calls) == len(a.encode(SOURCE + stop))
E           AssertionError: assert 360 == 11
E            +  where 360 = len([{'initial': True, 'injected': 'The current C7-Fresh-0 value is Basalt-811.', 'input': '<|start|>system<|message|>You ...False, 'injected': 'The current C7-Fresh-0 value is Basalt-811.', 'input': 'C7-Fresh-0', 'live_shift': None, ...}, ...])
E            +    where [{'initial': True, 'injected': 'The current C7-Fresh-0 value is Basalt-811.', 'input': '<|start|>system<|message|>You ...False, 'injected': 'The current C7-Fresh-0 value is Basalt-811.', 'input': 'C7-Fresh-0', 'live_shift': None, ...}, ...] = <scripts.grm_c7_diagnose.Model object at 0x7e4e131aabd0>.calls
E            +      where <scripts.grm_c7_diagnose.Model object at 0x7e4e131aabd0> = <scripts.grm_c7_diagnose.CPUArena object at 0x7e4e131a9dc0>.m
E            +  and   11 = len([10, 2, 11, 2, 12, 2, ...])
E            +    where [10, 2, 11, 2, 12, 2, ...] = encode(('The current C7-Fresh-0 value is Basalt-811.' + '<|end|>'))
E            +      where encode = <scripts.grm_c7_diagnose.CPUArena object at 0x7e4e131a9dc0>.encode

tests/test_grm_scout_fix3.py:29: AssertionError
______________ test_fold_harmony_wrapper_and_stop[<|end|>-digest] ______________

tmp_path = PosixPath('/tmp/pytest-of-vader/pytest-907/test_fold_harmony_wrapper_and_4')
monkeypatch = <_pytest.monkeypatch.MonkeyPatch object at 0x7e4e133fd430>
kind = 'digest', stop = '<|end|>'

    @pytest.mark.parametrize('kind', ['turn', 'digest', 'era'])
    @pytest.mark.parametrize('stop', HARMONY_STOPS)
    def test_fold_harmony_wrapper_and_stop(tmp_path, monkeypatch, kind, stop):
        repo = repository(tmp_path / 'repo', monkeypatch)
        try:
            a = repo.arena
            idx = repo.add_document(SOURCE)
            a.grafts[idx]['kind'] = kind
            a.m.fold_output = SOURCE + stop + ' LEAK'
            assert repo._fold_once(jobs=[('digest', [idx])])
            first = a.m.calls[0]['input']
            raw = (a.DIGEST_PROMPTS if kind == 'turn' else a.ERA_PROMPTS)[0]
            user, primer = raw.removeprefix('User: ').rsplit('\nAssistant:', 1)
            assert first == harmony_turn(user, None) + primer
>           assert len(a.m.calls) == len(a.encode(SOURCE + stop))
E           AssertionError: assert 360 == 11
E            +  where 360 = len([{'initial': True, 'injected': 'The current C7-Fresh-0 value is Basalt-811.', 'input': '<|start|>system<|message|>You ...False, 'injected': 'The current C7-Fresh-0 value is Basalt-811.', 'input': 'C7-Fresh-0', 'live_shift': None, ...}, ...])
E            +    where [{'initial': True, 'injected': 'The current C7-Fresh-0 value is Basalt-811.', 'input': '<|start|>system<|message|>You ...False, 'injected': 'The current C7-Fresh-0 value is Basalt-811.', 'input': 'C7-Fresh-0', 'live_shift': None, ...}, ...] = <scripts.grm_c7_diagnose.Model object at 0x7e4f32cb3740>.calls
E            +      where <scripts.grm_c7_diagnose.Model object at 0x7e4f32cb3740> = <scripts.grm_c7_diagnose.CPUArena object at 0x7e4e1314e4b0>.m
E            +  and   11 = len([10, 2, 11, 2, 12, 2, ...])
E            +    where [10, 2, 11, 2, 12, 2, ...] = encode(('The current C7-Fresh-0 value is Basalt-811.' + '<|end|>'))
E            +      where encode = <scripts.grm_c7_diagnose.CPUArena object at 0x7e4e1314e4b0>.encode

tests/test_grm_scout_fix3.py:29: AssertionError
_______________ test_fold_harmony_wrapper_and_stop[<|end|>-era] ________________

tmp_path = PosixPath('/tmp/pytest-of-vader/pytest-907/test_fold_harmony_wrapper_and_5')
monkeypatch = <_pytest.monkeypatch.MonkeyPatch object at 0x7e4e132ee210>
kind = 'era', stop = '<|end|>'

    @pytest.mark.parametrize('kind', ['turn', 'digest', 'era'])
    @pytest.mark.parametrize('stop', HARMONY_STOPS)
    def test_fold_harmony_wrapper_and_stop(tmp_path, monkeypatch, kind, stop):
        repo = repository(tmp_path / 'repo', monkeypatch)
        try:
            a = repo.arena
            idx = repo.add_document(SOURCE)
            a.grafts[idx]['kind'] = kind
            a.m.fold_output = SOURCE + stop + ' LEAK'
            assert repo._fold_once(jobs=[('digest', [idx])])
            first = a.m.calls[0]['input']
            raw = (a.DIGEST_PROMPTS if kind == 'turn' else a.ERA_PROMPTS)[0]
            user, primer = raw.removeprefix('User: ').rsplit('\nAssistant:', 1)
            assert first == harmony_turn(user, None) + primer
>           assert len(a.m.calls) == len(a.encode(SOURCE + stop))
E           AssertionError: assert 360 == 11
E            +  where 360 = len([{'initial': True, 'injected': 'The current C7-Fresh-0 value is Basalt-811.', 'input': '<|start|>system<|message|>You ...False, 'injected': 'The current C7-Fresh-0 value is Basalt-811.', 'input': 'C7-Fresh-0', 'live_shift': None, ...}, ...])
E            +    where [{'initial': True, 'injected': 'The current C7-Fresh-0 value is Basalt-811.', 'input': '<|start|>system<|message|>You ...False, 'injected': 'The current C7-Fresh-0 value is Basalt-811.', 'input': 'C7-Fresh-0', 'live_shift': None, ...}, ...] = <scripts.grm_c7_diagnose.Model object at 0x7e4e132ee2d0>.calls
E            +      where <scripts.grm_c7_diagnose.Model object at 0x7e4e132ee2d0> = <scripts.grm_c7_diagnose.CPUArena object at 0x7e4e132efa70>.m
E            +  and   11 = len([10, 2, 11, 2, 12, 2, ...])
E            +    where [10, 2, 11, 2, 12, 2, ...] = encode(('The current C7-Fresh-0 value is Basalt-811.' + '<|end|>'))
E            +      where encode = <scripts.grm_c7_diagnose.CPUArena object at 0x7e4e132efa70>.encode

tests/test_grm_scout_fix3.py:29: AssertionError
____________ test_fold_harmony_wrapper_and_stop[<|start|>user-turn] ____________

tmp_path = PosixPath('/tmp/pytest-of-vader/pytest-907/test_fold_harmony_wrapper_and_6')
monkeypatch = <_pytest.monkeypatch.MonkeyPatch object at 0x7e4e132ee3c0>
kind = 'turn', stop = '<|start|>user'

    @pytest.mark.parametrize('kind', ['turn', 'digest', 'era'])
    @pytest.mark.parametrize('stop', HARMONY_STOPS)
    def test_fold_harmony_wrapper_and_stop(tmp_path, monkeypatch, kind, stop):
        repo = repository(tmp_path / 'repo', monkeypatch)
        try:
            a = repo.arena
            idx = repo.add_document(SOURCE)
            a.grafts[idx]['kind'] = kind
            a.m.fold_output = SOURCE + stop + ' LEAK'
            assert repo._fold_once(jobs=[('digest', [idx])])
            first = a.m.calls[0]['input']
            raw = (a.DIGEST_PROMPTS if kind == 'turn' else a.ERA_PROMPTS)[0]
            user, primer = raw.removeprefix('User: ').rsplit('\nAssistant:', 1)
            assert first == harmony_turn(user, None) + primer
>           assert len(a.m.calls) == len(a.encode(SOURCE + stop))
E           AssertionError: assert 360 == 11
E            +  where 360 = len([{'initial': True, 'injected': 'The current C7-Fresh-0 value is Basalt-811.', 'input': '<|start|>system<|message|>You ...False, 'injected': 'The current C7-Fresh-0 value is Basalt-811.', 'input': 'C7-Fresh-0', 'live_shift': None, ...}, ...])
E            +    where [{'initial': True, 'injected': 'The current C7-Fresh-0 value is Basalt-811.', 'input': '<|start|>system<|message|>You ...False, 'injected': 'The current C7-Fresh-0 value is Basalt-811.', 'input': 'C7-Fresh-0', 'live_shift': None, ...}, ...] = <scripts.grm_c7_diagnose.Model object at 0x7e4e132efd10>.calls
E            +      where <scripts.grm_c7_diagnose.Model object at 0x7e4e132efd10> = <scripts.grm_c7_diagnose.CPUArena object at 0x7e4e132ef0b0>.m
E            +  and   11 = len([10, 2, 11, 2, 12, 2, ...])
E            +    where [10, 2, 11, 2, 12, 2, ...] = encode(('The current C7-Fresh-0 value is Basalt-811.' + '<|start|>user'))
E            +      where encode = <scripts.grm_c7_diagnose.CPUArena object at 0x7e4e132ef0b0>.encode

tests/test_grm_scout_fix3.py:29: AssertionError
___________ test_fold_harmony_wrapper_and_stop[<|start|>user-digest] ___________

tmp_path = PosixPath('/tmp/pytest-of-vader/pytest-907/test_fold_harmony_wrapper_and_7')
monkeypatch = <_pytest.monkeypatch.MonkeyPatch object at 0x7e4e1312ca40>
kind = 'digest', stop = '<|start|>user'

    @pytest.mark.parametrize('kind', ['turn', 'digest', 'era'])
    @pytest.mark.parametrize('stop', HARMONY_STOPS)
    def test_fold_harmony_wrapper_and_stop(tmp_path, monkeypatch, kind, stop):
        repo = repository(tmp_path / 'repo', monkeypatch)
        try:
            a = repo.arena
            idx = repo.add_document(SOURCE)
            a.grafts[idx]['kind'] = kind
            a.m.fold_output = SOURCE + stop + ' LEAK'
            assert repo._fold_once(jobs=[('digest', [idx])])
            first = a.m.calls[0]['input']
            raw = (a.DIGEST_PROMPTS if kind == 'turn' else a.ERA_PROMPTS)[0]
            user, primer = raw.removeprefix('User: ').rsplit('\nAssistant:', 1)
            assert first == harmony_turn(user, None) + primer
>           assert len(a.m.calls) == len(a.encode(SOURCE + stop))
E           AssertionError: assert 360 == 11
E            +  where 360 = len([{'initial': True, 'injected': 'The current C7-Fresh-0 value is Basalt-811.', 'input': '<|start|>system<|message|>You ...False, 'injected': 'The current C7-Fresh-0 value is Basalt-811.', 'input': 'C7-Fresh-0', 'live_shift': None, ...}, ...])
E            +    where [{'initial': True, 'injected': 'The current C7-Fresh-0 value is Basalt-811.', 'input': '<|start|>system<|message|>You ...False, 'injected': 'The current C7-Fresh-0 value is Basalt-811.', 'input': 'C7-Fresh-0', 'live_shift': None, ...}, ...] = <scripts.grm_c7_diagnose.Model object at 0x7e4e1312cce0>.calls
E            +      where <scripts.grm_c7_diagnose.Model object at 0x7e4e1312cce0> = <scripts.grm_c7_diagnose.CPUArena object at 0x7e4e1312c4a0>.m
E            +  and   11 = len([10, 2, 11, 2, 12, 2, ...])
E            +    where [10, 2, 11, 2, 12, 2, ...] = encode(('The current C7-Fresh-0 value is Basalt-811.' + '<|start|>user'))
E            +      where encode = <scripts.grm_c7_diagnose.CPUArena object at 0x7e4e1312c4a0>.encode

tests/test_grm_scout_fix3.py:29: AssertionError
____________ test_fold_harmony_wrapper_and_stop[<|start|>user-era] _____________

tmp_path = PosixPath('/tmp/pytest-of-vader/pytest-907/test_fold_harmony_wrapper_and_8')
monkeypatch = <_pytest.monkeypatch.MonkeyPatch object at 0x7e4e1312e000>
kind = 'era', stop = '<|start|>user'

    @pytest.mark.parametrize('kind', ['turn', 'digest', 'era'])
    @pytest.mark.parametrize('stop', HARMONY_STOPS)
    def test_fold_harmony_wrapper_and_stop(tmp_path, monkeypatch, kind, stop):
        repo = repository(tmp_path / 'repo', monkeypatch)
        try:
            a = repo.arena
            idx = repo.add_document(SOURCE)
            a.grafts[idx]['kind'] = kind
            a.m.fold_output = SOURCE + stop + ' LEAK'
            assert repo._fold_once(jobs=[('digest', [idx])])
            first = a.m.calls[0]['input']
            raw = (a.DIGEST_PROMPTS if kind == 'turn' else a.ERA_PROMPTS)[0]
            user, primer = raw.removeprefix('User: ').rsplit('\nAssistant:', 1)
            assert first == harmony_turn(user, None) + primer
>           assert len(a.m.calls) == len(a.encode(SOURCE + stop))
E           AssertionError: assert 360 == 11
E            +  where 360 = len([{'initial': True, 'injected': 'The current C7-Fresh-0 value is Basalt-811.', 'input': '<|start|>system<|message|>You ...False, 'injected': 'The current C7-Fresh-0 value is Basalt-811.', 'input': 'C7-Fresh-0', 'live_shift': None, ...}, ...])
E            +    where [{'initial': True, 'injected': 'The current C7-Fresh-0 value is Basalt-811.', 'input': '<|start|>system<|message|>You ...False, 'injected': 'The current C7-Fresh-0 value is Basalt-811.', 'input': 'C7-Fresh-0', 'live_shift': None, ...}, ...] = <scripts.grm_c7_diagnose.Model object at 0x7e4e1312d280>.calls
E            +      where <scripts.grm_c7_diagnose.Model object at 0x7e4e1312d280> = <scripts.grm_c7_diagnose.CPUArena object at 0x7e4e1312d490>.m
E            +  and   11 = len([10, 2, 11, 2, 12, 2, ...])
E            +    where [10, 2, 11, 2, 12, 2, ...] = encode(('The current C7-Fresh-0 value is Basalt-811.' + '<|start|>user'))
E            +      where encode = <scripts.grm_c7_diagnose.CPUArena object at 0x7e4e1312d490>.encode

tests/test_grm_scout_fix3.py:29: AssertionError
_________ test_fold_harmony_wrapper_and_stop[<|start|>assistant-turn] __________

tmp_path = PosixPath('/tmp/pytest-of-vader/pytest-907/test_fold_harmony_wrapper_and_9')
monkeypatch = <_pytest.monkeypatch.MonkeyPatch object at 0x7e4e131a9490>
kind = 'turn', stop = '<|start|>assistant'

    @pytest.mark.parametrize('kind', ['turn', 'digest', 'era'])
    @pytest.mark.parametrize('stop', HARMONY_STOPS)
    def test_fold_harmony_wrapper_and_stop(tmp_path, monkeypatch, kind, stop):
        repo = repository(tmp_path / 'repo', monkeypatch)
        try:
            a = repo.arena
            idx = repo.add_document(SOURCE)
            a.grafts[idx]['kind'] = kind
            a.m.fold_output = SOURCE + stop + ' LEAK'
            assert repo._fold_once(jobs=[('digest', [idx])])
            first = a.m.calls[0]['input']
            raw = (a.DIGEST_PROMPTS if kind == 'turn' else a.ERA_PROMPTS)[0]
            user, primer = raw.removeprefix('User: ').rsplit('\nAssistant:', 1)
            assert first == harmony_turn(user, None) + primer
>           assert len(a.m.calls) == len(a.encode(SOURCE + stop))
E           AssertionError: assert 360 == 11
E            +  where 360 = len([{'initial': True, 'injected': 'The current C7-Fresh-0 value is Basalt-811.', 'input': '<|start|>system<|message|>You ...False, 'injected': 'The current C7-Fresh-0 value is Basalt-811.', 'input': 'C7-Fresh-0', 'live_shift': None, ...}, ...])
E            +    where [{'initial': True, 'injected': 'The current C7-Fresh-0 value is Basalt-811.', 'input': '<|start|>system<|message|>You ...False, 'injected': 'The current C7-Fresh-0 value is Basalt-811.', 'input': 'C7-Fresh-0', 'live_shift': None, ...}, ...] = <scripts.grm_c7_diagnose.Model object at 0x7e4e131a90a0>.calls
E            +      where <scripts.grm_c7_diagnose.Model object at 0x7e4e131a90a0> = <scripts.grm_c7_diagnose.CPUArena object at 0x7e4e131abcb0>.m
E            +  and   11 = len([10, 2, 11, 2, 12, 2, ...])
E            +    where [10, 2, 11, 2, 12, 2, ...] = encode(('The current C7-Fresh-0 value is Basalt-811.' + '<|start|>assistant'))
E            +      where encode = <scripts.grm_c7_diagnose.CPUArena object at 0x7e4e131abcb0>.encode

tests/test_grm_scout_fix3.py:29: AssertionError
________ test_fold_harmony_wrapper_and_stop[<|start|>assistant-digest] _________

tmp_path = PosixPath('/tmp/pytest-of-vader/pytest-907/test_fold_harmony_wrapper_and_10')
monkeypatch = <_pytest.monkeypatch.MonkeyPatch object at 0x7e4e131a84a0>
kind = 'digest', stop = '<|start|>assistant'

    @pytest.mark.parametrize('kind', ['turn', 'digest', 'era'])
    @pytest.mark.parametrize('stop', HARMONY_STOPS)
    def test_fold_harmony_wrapper_and_stop(tmp_path, monkeypatch, kind, stop):
        repo = repository(tmp_path / 'repo', monkeypatch)
        try:
            a = repo.arena
            idx = repo.add_document(SOURCE)
            a.grafts[idx]['kind'] = kind
            a.m.fold_output = SOURCE + stop + ' LEAK'
            assert repo._fold_once(jobs=[('digest', [idx])])
            first = a.m.calls[0]['input']
            raw = (a.DIGEST_PROMPTS if kind == 'turn' else a.ERA_PROMPTS)[0]
            user, primer = raw.removeprefix('User: ').rsplit('\nAssistant:', 1)
            assert first == harmony_turn(user, None) + primer
>           assert len(a.m.calls) == len(a.encode(SOURCE + stop))
E           AssertionError: assert 360 == 11
E            +  where 360 = len([{'initial': True, 'injected': 'The current C7-Fresh-0 value is Basalt-811.', 'input': '<|start|>system<|message|>You ...False, 'injected': 'The current C7-Fresh-0 value is Basalt-811.', 'input': 'C7-Fresh-0', 'live_shift': None, ...}, ...])
E            +    where [{'initial': True, 'injected': 'The current C7-Fresh-0 value is Basalt-811.', 'input': '<|start|>system<|message|>You ...False, 'injected': 'The current C7-Fresh-0 value is Basalt-811.', 'input': 'C7-Fresh-0', 'live_shift': None, ...}, ...] = <scripts.grm_c7_diagnose.Model object at 0x7e4e131a8ad0>.calls
E            +      where <scripts.grm_c7_diagnose.Model object at 0x7e4e131a8ad0> = <scripts.grm_c7_diagnose.CPUArena object at 0x7e4e131aaea0>.m
E            +  and   11 = len([10, 2, 11, 2, 12, 2, ...])
E            +    where [10, 2, 11, 2, 12, 2, ...] = encode(('The current C7-Fresh-0 value is Basalt-811.' + '<|start|>assistant'))
E            +      where encode = <scripts.grm_c7_diagnose.CPUArena object at 0x7e4e131aaea0>.encode

tests/test_grm_scout_fix3.py:29: AssertionError
__________ test_fold_harmony_wrapper_and_stop[<|start|>assistant-era] __________

tmp_path = PosixPath('/tmp/pytest-of-vader/pytest-907/test_fold_harmony_wrapper_and_11')
monkeypatch = <_pytest.monkeypatch.MonkeyPatch object at 0x7e4e131ab740>
kind = 'era', stop = '<|start|>assistant'

    @pytest.mark.parametrize('kind', ['turn', 'digest', 'era'])
    @pytest.mark.parametrize('stop', HARMONY_STOPS)
    def test_fold_harmony_wrapper_and_stop(tmp_path, monkeypatch, kind, stop):
        repo = repository(tmp_path / 'repo', monkeypatch)
        try:
            a = repo.arena
            idx = repo.add_document(SOURCE)
            a.grafts[idx]['kind'] = kind
            a.m.fold_output = SOURCE + stop + ' LEAK'
            assert repo._fold_once(jobs=[('digest', [idx])])
            first = a.m.calls[0]['input']
            raw = (a.DIGEST_PROMPTS if kind == 'turn' else a.ERA_PROMPTS)[0]
            user, primer = raw.removeprefix('User: ').rsplit('\nAssistant:', 1)
            assert first == harmony_turn(user, None) + primer
>           assert len(a.m.calls) == len(a.encode(SOURCE + stop))
E           AssertionError: assert 360 == 11
E            +  where 360 = len([{'initial': True, 'injected': 'The current C7-Fresh-0 value is Basalt-811.', 'input': '<|start|>system<|message|>You ...False, 'injected': 'The current C7-Fresh-0 value is Basalt-811.', 'input': 'C7-Fresh-0', 'live_shift': None, ...}, ...])
E            +    where [{'initial': True, 'injected': 'The current C7-Fresh-0 value is Basalt-811.', 'input': '<|start|>system<|message|>You ...False, 'injected': 'The current C7-Fresh-0 value is Basalt-811.', 'input': 'C7-Fresh-0', 'live_shift': None, ...}, ...] = <scripts.grm_c7_diagnose.Model object at 0x7e4e131ab980>.calls
E            +      where <scripts.grm_c7_diagnose.Model object at 0x7e4e131ab980> = <scripts.grm_c7_diagnose.CPUArena object at 0x7e4e131abe90>.m
E            +  and   11 = len([10, 2, 11, 2, 12, 2, ...])
E            +    where [10, 2, 11, 2, 12, 2, ...] = encode(('The current C7-Fresh-0 value is Basalt-811.' + '<|start|>assistant'))
E            +      where encode = <scripts.grm_c7_diagnose.CPUArena object at 0x7e4e131abe90>.encode

tests/test_grm_scout_fix3.py:29: AssertionError
_____________ test_fold_coverage_bar_remains_point_seven[6-False] ______________

tmp_path = PosixPath('/tmp/pytest-of-vader/pytest-907/test_fold_coverage_bar_remains0')
monkeypatch = <_pytest.monkeypatch.MonkeyPatch object at 0x7e4e130a29f0>
kept = 6, accepted = False

    @pytest.mark.parametrize('kept,accepted', [(6, False), (7, True)])
    def test_fold_coverage_bar_remains_point_seven(tmp_path, monkeypatch, kept, accepted):
        # Prior art: existing GRM MIN_FOLD_KEEP fidelity law (2026). Exercise
        # both sides with real fact extraction/coverage, no mocked score.
        repo = repository(tmp_path / 'repo', monkeypatch)
        try:
            a = repo.arena
            source = 'The recorded values are ' + ' '.join(f'X-{i}' for i in range(10)) + '.'
            idx = repo.add_document(source)
            a.grafts[idx]['kind'] = 'turn'
            a.m.fold_output = 'The recorded values are ' + ' '.join(f'X-{i}' for i in range(kept)) + '.<|end|>'
            result = a.consolidate([idx])
            assert (result[0] is not None) is accepted
>           assert a.last_consolidation_result['best_cov'] == kept / 10
E           assert -1.0 == (6 / 10)

tests/test_grm_scout_fix3.py:101: AssertionError
______________ test_fold_coverage_bar_remains_point_seven[7-True] ______________

tmp_path = PosixPath('/tmp/pytest-of-vader/pytest-907/test_fold_coverage_bar_remains1')
monkeypatch = <_pytest.monkeypatch.MonkeyPatch object at 0x7e4e130a3f20>
kept = 7, accepted = True

    @pytest.mark.parametrize('kept,accepted', [(6, False), (7, True)])
    def test_fold_coverage_bar_remains_point_seven(tmp_path, monkeypatch, kept, accepted):
        # Prior art: existing GRM MIN_FOLD_KEEP fidelity law (2026). Exercise
        # both sides with real fact extraction/coverage, no mocked score.
        repo = repository(tmp_path / 'repo', monkeypatch)
        try:
            a = repo.arena
            source = 'The recorded values are ' + ' '.join(f'X-{i}' for i in range(10)) + '.'
            idx = repo.add_document(source)
            a.grafts[idx]['kind'] = 'turn'
            a.m.fold_output = 'The recorded values are ' + ' '.join(f'X-{i}' for i in range(kept)) + '.<|end|>'
            result = a.consolidate([idx])
>           assert (result[0] is not None) is accepted
E           assert (None is not None) is True

tests/test_grm_scout_fix3.py:100: AssertionError
=========================== short test summary info ============================
FAILED tests/test_grm_scout_fix3.py::test_fold_harmony_wrapper_and_stop[<|return|>-turn]
FAILED tests/test_grm_scout_fix3.py::test_fold_harmony_wrapper_and_stop[<|return|>-digest]
FAILED tests/test_grm_scout_fix3.py::test_fold_harmony_wrapper_and_stop[<|return|>-era]
FAILED tests/test_grm_scout_fix3.py::test_fold_harmony_wrapper_and_stop[<|end|>-turn]
FAILED tests/test_grm_scout_fix3.py::test_fold_harmony_wrapper_and_stop[<|end|>-digest]
FAILED tests/test_grm_scout_fix3.py::test_fold_harmony_wrapper_and_stop[<|end|>-era]
FAILED tests/test_grm_scout_fix3.py::test_fold_harmony_wrapper_and_stop[<|start|>user-turn]
FAILED tests/test_grm_scout_fix3.py::test_fold_harmony_wrapper_and_stop[<|start|>user-digest]
FAILED tests/test_grm_scout_fix3.py::test_fold_harmony_wrapper_and_stop[<|start|>user-era]
FAILED tests/test_grm_scout_fix3.py::test_fold_harmony_wrapper_and_stop[<|start|>assistant-turn]
FAILED tests/test_grm_scout_fix3.py::test_fold_harmony_wrapper_and_stop[<|start|>assistant-digest]
FAILED tests/test_grm_scout_fix3.py::test_fold_harmony_wrapper_and_stop[<|start|>assistant-era]
FAILED tests/test_grm_scout_fix3.py::test_fold_coverage_bar_remains_point_seven[6-False]
FAILED tests/test_grm_scout_fix3.py::test_fold_coverage_bar_remains_point_seven[7-True]
14 failed, 11 passed in 4.27s
sys:1: DeprecationWarning: builtin type swigvarlink has no __module__ attribute
