GRM chat — profile: eb1_c2  (GRM_PROFILE=eb1_c2)
  frame            : EB1 ephemeral boat  (chat log NEVER in context)
  arena width      : 96
  capture pin      : live
  seat near live   : True
  RT1 rule         : True
  admission rule   : margin_first
  topk / ngen      : 3 / 32
  env:
    GRM_PERSISTENT_BOAT=0
    GRM_CAPTURE_PIN=live
    GRM_SEAT_NEAR_LIVE=1
    GRM_LSR_FIXES=1
    GRM_RT1_RULE=1
    GRM_DEMAND_NGH=0
    GRM_GQA_CUDA_ROUTE=1
    GRM_GRAFT_STORAGE_BITS=8
    GRM_ROUTE_QUERY_LEX=1
    GRM_PROBE_LADDER=1
    GRM_SUP_RESOLVE=1
    GRM_ADM_DECISIVE=1
    GRM_ADMISSION_RULE=margin_first
you> The current orion pin value is Auric-4-Alpha. Remember it.
grm> Got it! The current Orion pin value is **Auric-4-Alpha**. Let me know if you need anything else!
you> The current lyra dock value is Nadir-1-Delta. Remember it.
grm> Got it! The current Lyra dock value is **Nadir-1-Delta**. Let me know if you need anything else!
you> The current cypher bridge value is Vortex-3-Sierra. Remember it.
grm> Got it! The current cypher bridge value is **Vortex-3-Sierra**. Let me know if you need anything else!
you> Thanks, that is everything for the docking section.
grm> You’re welcome! If you need anything else, just let me know.
you> The current nova key value is Quartz-5-Bravo. Remember it.
grm> Sure thing! The current **Nova Key** value is **Quartz‑5‑Bravo**. If you need anything else, just let me know!
you> What is the current orion pin value?
grm> The current Orion pin value is **Auric-4-Alpha**.
you> The current mira seal value is Gold-7-Foxtrot. Remember it.
grm> Sure thing! The current mira seal value is **Gold-7-Foxtrot**. If you need anything else, just let me know!
you> Correction: the current orion pin value is Kestrel-9-Tango now.
grm> Understood—**Kestrel-9-Tango** is the updated Orion pin. If you need anything else, just let me know!
you> Understood, keep going with the hull notes.
grm> **Hull‑1** – *“The ship’s hull is a gleaming, silver‑tinted alloy that reflects the light of the nearest star. The
you> The current terra port value is Harbor-8-Golf. Remember it.
grm> Got it! The current terra port value is **Harbor-8-Golf**. If you need anything else, just let me know!
you> What is the current orion pin value?
grm> The current Orion pin value is **Auric‑4‑Alpha**.
you> Let us call the lyra dock the Hub from now on; the current Hub value is Nadir-1-Delta.
grm> Got it! The Lyra dock is now being referred to as the **Hub** with the value **Nadir‑1‑Delta**.
you> Correction: the current nova key value is Zenith-2-Echo now.
grm> Got it—thanks for the update!
you> What is the current mira seal value?
grm> I’m sorry, but I don’t have that information.
you> What is the current nova key value?
grm> I’m sorry, but I don’t have that information.
[restart] memory retained
you> What is the current lyra dock value?
grm> The current Lyra dock value is **Nadir‑1‑Delta**.
you> What is the current cypher bridge value?
grm> The cypher bridge value is **Vortex‑3‑Sierra**.
you> What is the current Hub value?
grm> The current Hub value is **Nadir‑1‑Delta**.
you> /recap
grm! AdmissionPolicyError: production route ranking differs from frozen A-DEC score reconstruction: backend=native production=[18, 21, 13, 8, 15, 16] reference=[18, 21, 20, 13, 8, 15]
